test_changes_and_sidebar_visibility_round_trip (test_appearance_commands.AppearancePreferencesTests.test_changes_and_sidebar_visibility_round_trip) ... ok
test_documented_defaults_are_explicit (test_appearance_commands.AppearancePreferencesTests.test_documented_defaults_are_explicit) ... ok
test_invalid_emoji_mode_is_rejected (test_appearance_commands.AppearancePreferencesTests.test_invalid_emoji_mode_is_rejected) ... ok
test_reset_restores_all_defaults (test_appearance_commands.AppearancePreferencesTests.test_reset_restores_all_defaults) ... ok
test_clear_and_reset_are_deterministic (test_appearance_commands.CommandBindingsTests.test_clear_and_reset_are_deterministic) ... ok
test_custom_bindings_restore (test_appearance_commands.CommandBindingsTests.test_custom_bindings_restore) ... ok
test_default_command_ids_and_bindings_are_unique (test_appearance_commands.CommandBindingsTests.test_default_command_ids_and_bindings_are_unique) ... ok
test_disabled_commands_explain_why (test_appearance_commands.CommandBindingsTests.test_disabled_commands_explain_why) ... ok
test_rebind_detects_same_scope_conflict (test_appearance_commands.CommandBindingsTests.test_rebind_detects_same_scope_conflict) ... ok
test_all_required_fixture_scenarios_are_explicit (test_demo_states.DeterministicDemoAdapterTests.test_all_required_fixture_scenarios_are_explicit) ... ok
test_duplicate_completion_cannot_apply_twice (test_demo_states.DeterministicDemoAdapterTests.test_duplicate_completion_cannot_apply_twice) ... ok
test_loading_fixture_stays_pending_until_cancelled (test_demo_states.DeterministicDemoAdapterTests.test_loading_fixture_stays_pending_until_cancelled) ... ok
test_new_request_makes_old_completion_stale (test_demo_states.DeterministicDemoAdapterTests.test_new_request_makes_old_completion_stale) ... ok
test_retry_allocates_a_fresh_request_id (test_demo_states.DeterministicDemoAdapterTests.test_retry_allocates_a_fresh_request_id) ... ok
test_terminal_scenarios_are_deterministic (test_demo_states.DeterministicDemoAdapterTests.test_terminal_scenarios_are_deterministic) ... ok
test_all_effects_switch_repeatedly_without_losing_registered_names (test_effects_qt.EffectQtAcceptanceTests.test_all_effects_switch_repeatedly_without_losing_registered_names) ... ok
test_canvas_visibility_and_external_suspension_do_not_clobber_each_other (test_effects_qt.EffectQtAcceptanceTests.test_canvas_visibility_and_external_suspension_do_not_clobber_each_other) ... ok
test_solid_never_runs_timer_and_animated_effect_does (test_effects_qt.EffectQtAcceptanceTests.test_solid_never_runs_timer_and_animated_effect_does) ... ok
test_suspend_is_independent_from_user_pause (test_effects_qt.EffectQtAcceptanceTests.test_suspend_is_independent_from_user_pause) ... ok
test_peek_fades_only_body_and_restores_exact_opacity (test_peek_qt.PeekQtAcceptanceTests.test_peek_fades_only_body_and_restores_exact_opacity) ... ok
test_peek_survives_minimize_restore_close_reopen_and_style_change (test_peek_qt.PeekQtAcceptanceTests.test_peek_survives_minimize_restore_close_reopen_and_style_change) ... ok
test_atomic_export_reset_and_import_preserve_stable_ids (test_persistence.PersistenceTests.test_atomic_export_reset_and_import_preserve_stable_ids) ... ok
test_corrupt_store_is_reported_and_never_replaced (test_persistence.PersistenceTests.test_corrupt_store_is_reported_and_never_replaced) ... ok
test_credential_endpoint_is_rejected_without_leaking_or_inserting (test_persistence.PersistenceTests.test_credential_endpoint_is_rejected_without_leaking_or_inserting)
Structured URL userinfo/query credentials never reach the model table. ... ok
test_credential_like_configuration_is_rejected (test_persistence.PersistenceTests.test_credential_like_configuration_is_rejected) ... ok
test_export_rejects_active_store_aliases_and_sidecars_before_mutation (test_persistence.PersistenceTests.test_export_rejects_active_store_aliases_and_sidecars_before_mutation)
A JSON export cannot replace a disposable live SQLite store by any alias. ... ok
test_failed_import_rolls_back_without_erasing_existing_content (test_persistence.PersistenceTests.test_failed_import_rolls_back_without_erasing_existing_content) ... ok
test_fresh_store_creates_current_schema_and_round_trips_domain_records (test_persistence.PersistenceTests.test_fresh_store_creates_current_schema_and_round_trips_domain_records) ... ok
test_import_contract_rejects_incomplete_future_and_broken_snapshots (test_persistence.PersistenceTests.test_import_contract_rejects_incomplete_future_and_broken_snapshots)
Replacement validation rejects all unsafe envelopes before deleting live rows. ... ok
test_incognito_session_disposal_removes_messages_from_process_memory (test_persistence.PersistenceTests.test_incognito_session_disposal_removes_messages_from_process_memory)
Closing a Nobody session must end access to its transient records. ... ok
test_incognito_session_never_enters_sqlite_or_export (test_persistence.PersistenceTests.test_incognito_session_never_enters_sqlite_or_export) ... ok
test_legacy_unsafe_structured_record_blocks_export_without_writing (test_persistence.PersistenceTests.test_legacy_unsafe_structured_record_blocks_export_without_writing)
Snapshot rechecks seeded legacy JSON instead of leaking it to export. ... ok
test_non_current_export_marker_is_rejected (test_persistence.PersistenceTests.test_non_current_export_marker_is_rejected) ... ok
test_otter_cove_default_paths_and_override (test_persistence.PersistenceTests.test_otter_cove_default_paths_and_override) ... ok
test_prepared_import_applies_validated_bytes_after_source_changes (test_persistence.PersistenceTests.test_prepared_import_applies_validated_bytes_after_source_changes)
Confirmation applies the prepared snapshot, never a file reread later. ... ok
test_unavailable_store_reports_recovery_without_creating_replacement (test_persistence.PersistenceTests.test_unavailable_store_reports_recovery_without_creating_replacement) ... ok
test_v1_fixture_migrates_to_v2_without_losing_rows (test_persistence.PersistenceTests.test_v1_fixture_migrates_to_v2_without_losing_rows) ... ok
test_default_registry_has_unique_resolvable_exposed_routes (test_routes.RouteRegistryTests.test_default_registry_has_unique_resolvable_exposed_routes) ... ok
test_registry_rejects_duplicate_routes (test_routes.RouteRegistryTests.test_registry_rejects_duplicate_routes) ... ok
test_shell_state_tracks_active_and_last_tool_routes (test_routes.RouteRegistryTests.test_shell_state_tracks_active_and_last_tool_routes) ... ok
test_sidebar_routes_are_all_registered (test_routes.RouteRegistryTests.test_sidebar_routes_are_all_registered) ... ok
test_appearance_changes_update_open_chat_and_sidebar_without_losing_draft (test_settings_commands_qt.SettingsAndCommandQtAcceptanceTests.test_appearance_changes_update_open_chat_and_sidebar_without_losing_draft) ... ok
test_conflicting_persisted_shortcuts_recover_to_defaults_without_startup_failure (test_settings_commands_qt.SettingsAndCommandQtAcceptanceTests.test_conflicting_persisted_shortcuts_recover_to_defaults_without_startup_failure) ... ok
test_disabled_commands_surface_a_reason (test_settings_commands_qt.SettingsAndCommandQtAcceptanceTests.test_disabled_commands_surface_a_reason) ... ok
test_import_preserves_private_view_and_drops_replaced_durable_draft (test_settings_commands_qt.SettingsAndCommandQtAcceptanceTests.test_import_preserves_private_view_and_drops_replaced_durable_draft)
Import refreshes durable caches without switching or reusing Nobody state. ... ok
test_local_data_gui_exports_reports_errors_and_confirms_reset (test_settings_commands_qt.SettingsAndCommandQtAcceptanceTests.test_local_data_gui_exports_reports_errors_and_confirms_reset)
Settings must expose service operations with explicit scope and consent. ... ok
test_new_chat_and_settings_commands_remain_available_when_navigation_entries_hidden (test_settings_commands_qt.SettingsAndCommandQtAcceptanceTests.test_new_chat_and_settings_commands_remain_available_when_navigation_entries_hidden) ... ok
test_rebinding_persists_and_conflicts_do_not_replace_existing_binding (test_settings_commands_qt.SettingsAndCommandQtAcceptanceTests.test_rebinding_persists_and_conflicts_do_not_replace_existing_binding) ... ok
test_replacement_draft_confirmation_and_cancel_preserve_state (test_settings_commands_qt.SettingsAndCommandQtAcceptanceTests.test_replacement_draft_confirmation_and_cancel_preserve_state)
Cancelled replacement prompts leave persistent drafts and records unchanged. ... ok
test_reset_preserves_live_nobody_session_and_draft (test_settings_commands_qt.SettingsAndCommandQtAcceptanceTests.test_reset_preserves_live_nobody_session_and_draft)
Durable reset cannot use New Chat's private-session disposal lifecycle. ... ok
test_settings_route_is_real_and_reused (test_settings_commands_qt.SettingsAndCommandQtAcceptanceTests.test_settings_route_is_real_and_reused) ... ok
test_unimplemented_appearance_capabilities_are_labelled_and_disabled (test_settings_commands_qt.SettingsAndCommandQtAcceptanceTests.test_unimplemented_appearance_capabilities_are_labelled_and_disabled)
Stored future preferences must not be presented as working features. ... ok
test_demo_host_ignores_stale_request_completion (test_shared_states_qt.SharedStateQtAcceptanceTests.test_demo_host_ignores_stale_request_completion) ... ok
test_shared_state_actions_are_keyboard_focusable_and_accessible (test_shared_states_qt.SharedStateQtAcceptanceTests.test_shared_state_actions_are_keyboard_focusable_and_accessible) ... ok
test_toast_does_not_steal_focus_and_important_error_survives_dismissal (test_shared_states_qt.SharedStateQtAcceptanceTests.test_toast_does_not_steal_focus_and_important_error_survives_dismissal) ... ok
test_toast_stack_stays_inside_host (test_shared_states_qt.SharedStateQtAcceptanceTests.test_toast_stack_stays_inside_host) ... ok
test_every_registered_route_resolves_to_command_or_window (test_shell_qt.ShellQtAcceptanceTests.test_every_registered_route_resolves_to_command_or_window) ... ok
test_failed_send_preserves_complete_draft_and_retry_adds_one_message (test_shell_qt.ShellQtAcceptanceTests.test_failed_send_preserves_complete_draft_and_retry_adds_one_message)
A transient storage failure must leave one safe, lossless retry. ... ok
test_large_roomy_nobody_control_expands_to_its_label (test_shell_qt.ShellQtAcceptanceTests.test_large_roomy_nobody_control_expands_to_its_label)
Large typography must grow the Nobody button instead of clipping it. ... ok
test_minimum_and_reference_sizes_keep_primary_controls_reachable (test_shell_qt.ShellQtAcceptanceTests.test_minimum_and_reference_sizes_keep_primary_controls_reachable) ... ok
test_new_chat_disposes_private_session_and_clears_pending_draft (test_shell_qt.ShellQtAcceptanceTests.test_new_chat_disposes_private_session_and_clears_pending_draft)
New Chat explicitly closes Nobody state and starts with an empty draft. ... ok
test_normal_and_nobody_views_keep_messages_status_and_drafts_isolated (test_shell_qt.ShellQtAcceptanceTests.test_normal_and_nobody_views_keep_messages_status_and_drafts_isolated)
Privacy-mode switches restore only state owned by the selected view. ... ok
test_opening_tool_preserves_session_and_composer_draft (test_shell_qt.ShellQtAcceptanceTests.test_opening_tool_preserves_session_and_composer_draft) ... ok
test_saved_preferences_restore_sidebar_and_geometry (test_shell_qt.ShellQtAcceptanceTests.test_saved_preferences_restore_sidebar_and_geometry) ... ok
test_close_cycles_do_not_duplicate_windows_or_content (test_studio_window_qt.StudioWindowQtAcceptanceTests.test_close_cycles_do_not_duplicate_windows_or_content) ... ok
test_drag_resize_raise_and_host_recovery_keep_controls_reachable (test_studio_window_qt.StudioWindowQtAcceptanceTests.test_drag_resize_raise_and_host_recovery_keep_controls_reachable) ... ok
test_normal_and_minimized_geometry_are_persisted_separately (test_studio_window_qt.StudioWindowQtAcceptanceTests.test_normal_and_minimized_geometry_are_persisted_separately) ... ok
test_reopening_existing_or_minimized_tool_reuses_and_restores_it (test_studio_window_qt.StudioWindowQtAcceptanceTests.test_reopening_existing_or_minimized_tool_reuses_and_restores_it) ... ok
test_all_harmony_modes_are_deterministic_and_keep_exact_accent (test_theme_logic.ThemeLogicTests.test_all_harmony_modes_are_deterministic_and_keep_exact_accent) ... ok
test_bundle_round_trip_is_versioned_and_preserves_fields (test_theme_logic.ThemeLogicTests.test_bundle_round_trip_is_versioned_and_preserves_fields) ... ok
test_export_rejects_protected_target_before_creating_parent (test_theme_logic.ThemeLogicTests.test_export_rejects_protected_target_before_creating_parent)
Theme exports share the shell's active-storage protection policy. ... ok
test_harmony_apply_mapping_has_all_semantic_tokens (test_theme_logic.ThemeLogicTests.test_harmony_apply_mapping_has_all_semantic_tokens) ... ok
test_invalid_color_does_not_validate (test_theme_logic.ThemeLogicTests.test_invalid_color_does_not_validate) ... ok
test_invalid_json_never_overwrites_existing_file (test_theme_logic.ThemeLogicTests.test_invalid_json_never_overwrites_existing_file) ... ok
test_neutral_harmony_is_valid_and_deterministic (test_theme_logic.ThemeLogicTests.test_neutral_harmony_is_valid_and_deterministic) ... ok
test_unsupported_version_is_rejected (test_theme_logic.ThemeLogicTests.test_unsupported_version_is_rejected) ... ok
test_harmony_generate_is_preview_only_until_apply (test_theme_qt.ThemePanelQtAcceptanceTests.test_harmony_generate_is_preview_only_until_apply) ... ok
test_more_colors_are_real_controls_and_toggle_visibility (test_theme_qt.ThemePanelQtAcceptanceTests.test_more_colors_are_real_controls_and_toggle_visibility) ... ok
test_solid_disables_irrelevant_animation_controls_with_explanation (test_theme_qt.ThemePanelQtAcceptanceTests.test_solid_disables_irrelevant_animation_controls_with_explanation) ... ok
test_custom_overrides_round_trip_and_builtin_selection_clears_them (test_theme_qt.ThemeQtAcceptanceTests.test_custom_overrides_round_trip_and_builtin_selection_clears_them) ... ok
test_duplicate_saved_theme_is_rejected_without_changing_current_theme (test_theme_qt.ThemeQtAcceptanceTests.test_duplicate_saved_theme_is_rejected_without_changing_current_theme) ... ok
test_named_saved_theme_restores_palette_typography_layout_and_effect_bundle (test_theme_qt.ThemeQtAcceptanceTests.test_named_saved_theme_restores_palette_typography_layout_and_effect_bundle) ... ok
test_stylesheet_uses_live_typography_density_and_translucent_frosted_surface (test_theme_qt.ThemeQtAcceptanceTests.test_stylesheet_uses_live_typography_density_and_translucent_frosted_surface) ... ok

----------------------------------------------------------------------
Ran 83 tests in 0.952s

OK
PILOT COUNTS 83 skips 0 expected failures 0
